---
source: crates/parser/src/input.rs
expression: input
---
kind:
  - EndLine
  - WhiteSpace
  - PragmaKw
  - WhiteSpace
  - Version
  - Semicolon
  - EndLine
  - WhiteSpace
  - Error
source: "\n        pragma 2.1.1;\n        /*a + b == 10*\n        a + 10\n        template\n\n        /*\n    "
position:
  - start: 0
    end: 1
  - start: 1
    end: 9
  - start: 9
    end: 15
  - start: 15
    end: 16
  - start: 16
    end: 21
  - start: 21
    end: 22
  - start: 22
    end: 23
  - start: 23
    end: 31
  - start: 31
    end: 94
