---
source: crates/parser/src/input.rs
expression: input
---
kind:
  - EndLine
  - WhiteSpace
  - BlockComment
  - EndLine
  - EndLine
  - WhiteSpace
  - PragmaKw
  - WhiteSpace
  - Circom
  - WhiteSpace
  - Version
  - Semicolon
  - EndLine
  - EndLine
  - WhiteSpace
source: "\n        /* test pragma token kinds */\n\n    pragma circom 2.0.0;\n\n    "
position:
  - start: 0
    end: 1
  - start: 1
    end: 9
  - start: 9
    end: 38
  - start: 38
    end: 39
  - start: 39
    end: 40
  - start: 40
    end: 44
  - start: 44
    end: 50
  - start: 50
    end: 51
  - start: 51
    end: 57
  - start: 57
    end: 58
  - start: 58
    end: 63
  - start: 63
    end: 64
  - start: 64
    end: 65
  - start: 65
    end: 66
  - start: 66
    end: 70
